{"level":"info","message":"VAPID keys initialized successfully","service":"chaiyetu-backend","timestamp":"2026-05-05T08:47:09.579Z"}
{"level":"info","message":"✅ Push notifications enabled with VAPID","service":"chaiyetu-backend","timestamp":"2026-05-05T08:47:09.586Z"}
{"level":"info","message":"📧 Email notifications enabled","service":"chaiyetu-backend","timestamp":"2026-05-05T08:47:09.587Z"}
{"level":"info","message":"📱 SMS notifications enabled","service":"chaiyetu-backend","timestamp":"2026-05-05T08:47:09.588Z"}
{"level":"info","message":"MongoDB Connected: ac-zs7wyj5-shard-00-00.dhhnvjn.mongodb.net","service":"chaiyetu-backend","timestamp":"2026-05-05T08:47:14.273Z"}
{"level":"info","message":"Server running in development mode on port 5000","service":"chaiyetu-backend","timestamp":"2026-05-05T08:47:14.284Z"}
{"level":"info","message":"WebSocket server ready on port 5000","service":"chaiyetu-backend","timestamp":"2026-05-05T08:47:14.285Z"}
{"level":"info","message":"User kangangibonface2021@gmail.com logged in successfully","service":"chaiyetu-backend","timestamp":"2026-05-05T08:48:19.295Z"}
{"level":"warn","message":"MongoDB disconnected","service":"chaiyetu-backend","timestamp":"2026-05-05T08:48:38.357Z"}
{"level":"warn","message":"MongoDB disconnected","service":"chaiyetu-backend","timestamp":"2026-05-05T08:51:55.312Z"}
{"level":"warn","message":"MongoDB disconnected","service":"chaiyetu-backend","timestamp":"2026-05-05T08:52:11.745Z"}
{"level":"warn","message":"MongoDB disconnected","service":"chaiyetu-backend","timestamp":"2026-05-05T08:52:59.091Z"}
{"level":"info","message":"User kangangiboniface2021@gmail.com logged in successfully","service":"chaiyetu-backend","timestamp":"2026-05-05T08:53:02.777Z"}
{"level":"warn","message":"MongoDB disconnected","service":"chaiyetu-backend","timestamp":"2026-05-05T08:53:32.885Z"}
{"level":"warn","message":"MongoDB disconnected","service":"chaiyetu-backend","timestamp":"2026-05-05T08:54:11.116Z"}
{"level":"warn","message":"MongoDB disconnected","service":"chaiyetu-backend","timestamp":"2026-05-05T08:54:29.009Z"}
{"level":"warn","message":"MongoDB disconnected","service":"chaiyetu-backend","timestamp":"2026-05-05T08:54:46.542Z"}
{"level":"warn","message":"MongoDB disconnected","service":"chaiyetu-backend","timestamp":"2026-05-05T08:55:35.114Z"}
{"level":"warn","message":"MongoDB disconnected","service":"chaiyetu-backend","timestamp":"2026-05-05T08:55:53.406Z"}
{"level":"warn","message":"MongoDB disconnected","service":"chaiyetu-backend","timestamp":"2026-05-05T08:56:20.177Z"}
{"level":"warn","message":"MongoDB disconnected","service":"chaiyetu-backend","timestamp":"2026-05-05T09:00:46.182Z"}
{"level":"info","message":"User kangangiboniface2021@gmail.com logged in successfully","service":"chaiyetu-backend","timestamp":"2026-05-05T09:02:39.644Z"}
{"level":"warn","message":"MongoDB disconnected","service":"chaiyetu-backend","timestamp":"2026-05-05T09:03:04.675Z"}
{"level":"warn","message":"MongoDB disconnected","service":"chaiyetu-backend","timestamp":"2026-05-05T09:03:37.365Z"}
{"level":"info","message":"Received SIGINT, shutting down gracefully","service":"chaiyetu-backend","timestamp":"2026-05-05T09:05:26.572Z"}
