{"level":"info","message":"VAPID keys initialized successfully","service":"chaiyetu-backend","timestamp":"2026-05-03T16:01:32.046Z"}
{"level":"info","message":"✅ Push notifications enabled with VAPID","service":"chaiyetu-backend","timestamp":"2026-05-03T16:01:32.053Z"}
{"level":"info","message":"📧 Email notifications enabled","service":"chaiyetu-backend","timestamp":"2026-05-03T16:01:32.054Z"}
{"level":"info","message":"📱 SMS notifications enabled","service":"chaiyetu-backend","timestamp":"2026-05-03T16:01:32.055Z"}
{"code":"ENOTFOUND","hostname":"_mongodb._tcp.cluster0.dhhnvjn.mongodb.net","level":"error","message":"Error connecting to MongoDB: querySrv ENOTFOUND _mongodb._tcp.cluster0.dhhnvjn.mongodb.net","service":"chaiyetu-backend","stack":"Error: querySrv ENOTFOUND _mongodb._tcp.cluster0.dhhnvjn.mongodb.net\n    at QueryReqWrap.onresolve [as oncomplete] (node:internal/dns/promises:294:17)","syscall":"querySrv","timestamp":"2026-05-03T16:01:33.614Z"}
{"level":"info","message":"VAPID keys initialized successfully","service":"chaiyetu-backend","timestamp":"2026-05-03T16:06:50.131Z"}
{"level":"info","message":"✅ Push notifications enabled with VAPID","service":"chaiyetu-backend","timestamp":"2026-05-03T16:06:50.138Z"}
{"level":"info","message":"📧 Email notifications enabled","service":"chaiyetu-backend","timestamp":"2026-05-03T16:06:50.139Z"}
{"level":"info","message":"📱 SMS notifications enabled","service":"chaiyetu-backend","timestamp":"2026-05-03T16:06:50.140Z"}
{"level":"info","message":"MongoDB Connected: ac-zs7wyj5-shard-00-02.dhhnvjn.mongodb.net","service":"chaiyetu-backend","timestamp":"2026-05-03T16:06:53.597Z"}
{"level":"info","message":"Server running in development mode on port 5000","service":"chaiyetu-backend","timestamp":"2026-05-03T16:06:53.617Z"}
{"level":"info","message":"WebSocket server ready on port 5000","service":"chaiyetu-backend","timestamp":"2026-05-03T16:06:53.620Z"}
{"level":"warn","message":"MongoDB disconnected","service":"chaiyetu-backend","timestamp":"2026-05-03T16:07:33.115Z"}
{"level":"warn","message":"MongoDB disconnected","service":"chaiyetu-backend","timestamp":"2026-05-03T16:08:35.333Z"}
{"level":"info","message":"User kangangiboniface2021@gmail.com logged in successfully","service":"chaiyetu-backend","timestamp":"2026-05-03T16:08:53.123Z"}
{"level":"warn","message":"MongoDB disconnected","service":"chaiyetu-backend","timestamp":"2026-05-03T16:09:26.494Z"}
{"level":"info","message":"User kangangiboniface2021@gmail.com logged in successfully","service":"chaiyetu-backend","timestamp":"2026-05-03T16:10:08.600Z"}
{"level":"warn","message":"MongoDB disconnected","service":"chaiyetu-backend","timestamp":"2026-05-03T16:10:17.615Z"}
{"level":"warn","message":"MongoDB disconnected","service":"chaiyetu-backend","timestamp":"2026-05-03T16:11:08.945Z"}
{"level":"info","message":"User kangangiboniface2021@gmail.com logged in successfully","service":"chaiyetu-backend","timestamp":"2026-05-03T16:11:12.496Z"}
{"level":"info","message":"User kangangiboniface2021@gmail.com logged in successfully","service":"chaiyetu-backend","timestamp":"2026-05-03T16:11:55.476Z"}
{"level":"warn","message":"MongoDB disconnected","service":"chaiyetu-backend","timestamp":"2026-05-03T16:12:19.804Z"}
{"level":"info","message":"User kangangibonface2021@gmail.com logged in successfully","service":"chaiyetu-backend","timestamp":"2026-05-03T16:12:31.946Z"}
{"level":"warn","message":"MongoDB disconnected","service":"chaiyetu-backend","timestamp":"2026-05-03T16:12:52.392Z"}
{"level":"warn","message":"MongoDB disconnected","service":"chaiyetu-backend","timestamp":"2026-05-03T16:13:34.165Z"}
{"level":"warn","message":"MongoDB disconnected","service":"chaiyetu-backend","timestamp":"2026-05-03T16:14:26.255Z"}
{"level":"warn","message":"MongoDB disconnected","service":"chaiyetu-backend","timestamp":"2026-05-03T16:15:17.688Z"}
{"level":"warn","message":"MongoDB disconnected","service":"chaiyetu-backend","timestamp":"2026-05-03T16:16:19.059Z"}
{"level":"warn","message":"MongoDB disconnected","service":"chaiyetu-backend","timestamp":"2026-05-03T16:17:10.281Z"}
{"level":"warn","message":"MongoDB disconnected","service":"chaiyetu-backend","timestamp":"2026-05-03T16:18:01.411Z"}
{"level":"warn","message":"MongoDB disconnected","service":"chaiyetu-backend","timestamp":"2026-05-03T16:18:52.879Z"}
{"level":"warn","message":"MongoDB disconnected","service":"chaiyetu-backend","timestamp":"2026-05-03T16:19:44.010Z"}
{"level":"warn","message":"MongoDB disconnected","service":"chaiyetu-backend","timestamp":"2026-05-03T16:20:35.179Z"}
{"level":"warn","message":"MongoDB disconnected","service":"chaiyetu-backend","timestamp":"2026-05-03T16:21:36.541Z"}
{"level":"warn","message":"MongoDB disconnected","service":"chaiyetu-backend","timestamp":"2026-05-03T16:26:36.429Z"}
{"level":"warn","message":"MongoDB disconnected","service":"chaiyetu-backend","timestamp":"2026-05-03T16:28:01.317Z"}
{"level":"info","message":"Received SIGINT, shutting down gracefully","service":"chaiyetu-backend","timestamp":"2026-05-03T16:28:10.297Z"}
{"level":"info","message":"VAPID keys initialized successfully","service":"chaiyetu-backend","timestamp":"2026-05-03T16:28:30.080Z"}
{"level":"info","message":"✅ Push notifications enabled with VAPID","service":"chaiyetu-backend","timestamp":"2026-05-03T16:28:30.089Z"}
{"level":"info","message":"📧 Email notifications enabled","service":"chaiyetu-backend","timestamp":"2026-05-03T16:28:30.090Z"}
{"level":"info","message":"📱 SMS notifications enabled","service":"chaiyetu-backend","timestamp":"2026-05-03T16:28:30.091Z"}
{"level":"info","message":"MongoDB Connected: ac-zs7wyj5-shard-00-01.dhhnvjn.mongodb.net","service":"chaiyetu-backend","timestamp":"2026-05-03T16:28:34.095Z"}
{"level":"info","message":"Server running in development mode on port 5000","service":"chaiyetu-backend","timestamp":"2026-05-03T16:28:34.117Z"}
{"level":"info","message":"WebSocket server ready on port 5000","service":"chaiyetu-backend","timestamp":"2026-05-03T16:28:34.119Z"}
{"level":"warn","message":"MongoDB disconnected","service":"chaiyetu-backend","timestamp":"2026-05-03T16:29:24.233Z"}
{"level":"warn","message":"MongoDB disconnected","service":"chaiyetu-backend","timestamp":"2026-05-03T16:30:15.531Z"}
{"level":"warn","message":"MongoDB disconnected","service":"chaiyetu-backend","timestamp":"2026-05-03T16:31:07.737Z"}
{"level":"warn","message":"MongoDB disconnected","service":"chaiyetu-backend","timestamp":"2026-05-03T16:31:58.887Z"}
{"level":"warn","message":"MongoDB disconnected","service":"chaiyetu-backend","timestamp":"2026-05-03T16:32:48.380Z"}
{"level":"warn","message":"MongoDB disconnected","service":"chaiyetu-backend","timestamp":"2026-05-03T16:33:41.213Z"}
{"level":"warn","message":"MongoDB disconnected","service":"chaiyetu-backend","timestamp":"2026-05-03T16:34:32.290Z"}
{"level":"warn","message":"MongoDB disconnected","service":"chaiyetu-backend","timestamp":"2026-05-03T16:35:23.618Z"}
{"level":"info","message":"User kangangiboniface2021@gmail.com logged in successfully","service":"chaiyetu-backend","timestamp":"2026-05-03T16:35:40.316Z"}
{"level":"warn","message":"MongoDB disconnected","service":"chaiyetu-backend","timestamp":"2026-05-03T16:36:10.824Z"}
{"level":"warn","message":"MongoDB disconnected","service":"chaiyetu-backend","timestamp":"2026-05-03T16:36:22.686Z"}
{"level":"warn","message":"MongoDB disconnected","service":"chaiyetu-backend","timestamp":"2026-05-03T16:36:38.243Z"}
{"level":"warn","message":"MongoDB disconnected","service":"chaiyetu-backend","timestamp":"2026-05-03T16:36:52.884Z"}
{"level":"warn","message":"MongoDB disconnected","service":"chaiyetu-backend","timestamp":"2026-05-03T16:37:09.902Z"}
{"level":"warn","message":"MongoDB disconnected","service":"chaiyetu-backend","timestamp":"2026-05-03T16:37:27.208Z"}
{"level":"warn","message":"MongoDB disconnected","service":"chaiyetu-backend","timestamp":"2026-05-03T16:37:56.525Z"}
{"level":"warn","message":"MongoDB disconnected","service":"chaiyetu-backend","timestamp":"2026-05-03T16:38:37.696Z"}
{"level":"warn","message":"MongoDB disconnected","service":"chaiyetu-backend","timestamp":"2026-05-03T16:39:29.121Z"}
{"level":"warn","message":"MongoDB disconnected","service":"chaiyetu-backend","timestamp":"2026-05-03T16:40:20.518Z"}
{"level":"warn","message":"MongoDB disconnected","service":"chaiyetu-backend","timestamp":"2026-05-03T16:41:11.628Z"}
{"level":"warn","message":"MongoDB disconnected","service":"chaiyetu-backend","timestamp":"2026-05-03T16:42:02.992Z"}
{"level":"warn","message":"MongoDB disconnected","service":"chaiyetu-backend","timestamp":"2026-05-03T16:42:54.061Z"}
{"level":"warn","message":"MongoDB disconnected","service":"chaiyetu-backend","timestamp":"2026-05-03T16:43:45.266Z"}
{"level":"warn","message":"MongoDB disconnected","service":"chaiyetu-backend","timestamp":"2026-05-03T16:44:37.393Z"}
{"level":"warn","message":"MongoDB disconnected","service":"chaiyetu-backend","timestamp":"2026-05-03T16:45:28.553Z"}
{"level":"warn","message":"MongoDB disconnected","service":"chaiyetu-backend","timestamp":"2026-05-03T16:46:19.673Z"}
{"level":"warn","message":"MongoDB disconnected","service":"chaiyetu-backend","timestamp":"2026-05-03T16:47:10.848Z"}
{"level":"warn","message":"MongoDB disconnected","service":"chaiyetu-backend","timestamp":"2026-05-03T16:48:01.948Z"}
{"level":"warn","message":"MongoDB disconnected","service":"chaiyetu-backend","timestamp":"2026-05-03T16:48:53.212Z"}
{"level":"warn","message":"MongoDB disconnected","service":"chaiyetu-backend","timestamp":"2026-05-03T16:49:44.357Z"}
{"level":"info","message":"User kangangibonface2021@gmail.com logged in successfully","service":"chaiyetu-backend","timestamp":"2026-05-03T16:50:31.058Z"}
{"level":"warn","message":"MongoDB disconnected","service":"chaiyetu-backend","timestamp":"2026-05-03T16:50:35.572Z"}
{"level":"warn","message":"MongoDB disconnected","service":"chaiyetu-backend","timestamp":"2026-05-03T16:51:03.632Z"}
{"level":"warn","message":"MongoDB disconnected","service":"chaiyetu-backend","timestamp":"2026-05-03T16:51:44.280Z"}
{"level":"warn","message":"MongoDB disconnected","service":"chaiyetu-backend","timestamp":"2026-05-03T16:52:35.359Z"}
{"level":"warn","message":"MongoDB disconnected","service":"chaiyetu-backend","timestamp":"2026-05-03T16:53:26.838Z"}
{"level":"warn","message":"MongoDB disconnected","service":"chaiyetu-backend","timestamp":"2026-05-03T16:54:17.903Z"}
{"level":"warn","message":"MongoDB disconnected","service":"chaiyetu-backend","timestamp":"2026-05-03T16:55:09.228Z"}
{"level":"warn","message":"MongoDB disconnected","service":"chaiyetu-backend","timestamp":"2026-05-03T16:56:00.377Z"}
{"level":"info","message":"User kangangibonface2021@gmail.com logged in successfully","service":"chaiyetu-backend","timestamp":"2026-05-03T16:56:20.317Z"}
{"level":"warn","message":"MongoDB disconnected","service":"chaiyetu-backend","timestamp":"2026-05-03T16:56:21.928Z"}
{"level":"warn","message":"MongoDB disconnected","service":"chaiyetu-backend","timestamp":"2026-05-03T16:57:03.050Z"}
{"level":"warn","message":"MongoDB disconnected","service":"chaiyetu-backend","timestamp":"2026-05-03T16:57:54.398Z"}
{"level":"warn","message":"MongoDB disconnected","service":"chaiyetu-backend","timestamp":"2026-05-03T16:58:45.439Z"}
{"level":"warn","message":"MongoDB disconnected","service":"chaiyetu-backend","timestamp":"2026-05-03T16:59:37.346Z"}
{"level":"warn","message":"MongoDB disconnected","service":"chaiyetu-backend","timestamp":"2026-05-03T17:00:28.678Z"}
{"level":"warn","message":"MongoDB disconnected","service":"chaiyetu-backend","timestamp":"2026-05-03T17:01:20.209Z"}
{"level":"warn","message":"MongoDB disconnected","service":"chaiyetu-backend","timestamp":"2026-05-03T17:02:11.402Z"}
{"level":"warn","message":"MongoDB disconnected","service":"chaiyetu-backend","timestamp":"2026-05-03T17:03:02.553Z"}
{"level":"warn","message":"MongoDB disconnected","service":"chaiyetu-backend","timestamp":"2026-05-03T17:03:53.748Z"}
{"level":"warn","message":"MongoDB disconnected","service":"chaiyetu-backend","timestamp":"2026-05-03T17:04:50.003Z"}
{"level":"warn","message":"MongoDB disconnected","service":"chaiyetu-backend","timestamp":"2026-05-03T17:05:41.177Z"}
{"level":"warn","message":"MongoDB disconnected","service":"chaiyetu-backend","timestamp":"2026-05-03T17:06:32.348Z"}
{"level":"warn","message":"MongoDB disconnected","service":"chaiyetu-backend","timestamp":"2026-05-03T17:07:23.449Z"}
{"level":"warn","message":"MongoDB disconnected","service":"chaiyetu-backend","timestamp":"2026-05-03T17:08:14.631Z"}
{"level":"warn","message":"MongoDB disconnected","service":"chaiyetu-backend","timestamp":"2026-05-03T17:09:05.721Z"}
{"level":"warn","message":"MongoDB disconnected","service":"chaiyetu-backend","timestamp":"2026-05-03T17:09:57.033Z"}
{"level":"warn","message":"MongoDB disconnected","service":"chaiyetu-backend","timestamp":"2026-05-03T17:10:48.582Z"}
{"level":"warn","message":"MongoDB disconnected","service":"chaiyetu-backend","timestamp":"2026-05-03T17:11:39.991Z"}
{"level":"warn","message":"MongoDB disconnected","service":"chaiyetu-backend","timestamp":"2026-05-03T17:12:31.038Z"}
{"level":"warn","message":"MongoDB disconnected","service":"chaiyetu-backend","timestamp":"2026-05-03T17:13:22.304Z"}
{"level":"warn","message":"MongoDB disconnected","service":"chaiyetu-backend","timestamp":"2026-05-03T17:14:13.400Z"}
{"level":"warn","message":"MongoDB disconnected","service":"chaiyetu-backend","timestamp":"2026-05-03T17:15:11.400Z"}
{"level":"warn","message":"MongoDB disconnected","service":"chaiyetu-backend","timestamp":"2026-05-03T17:16:02.463Z"}
{"level":"warn","message":"MongoDB disconnected","service":"chaiyetu-backend","timestamp":"2026-05-03T17:16:55.194Z"}
{"level":"warn","message":"MongoDB disconnected","service":"chaiyetu-backend","timestamp":"2026-05-03T17:17:47.026Z"}
{"level":"warn","message":"MongoDB disconnected","service":"chaiyetu-backend","timestamp":"2026-05-03T17:18:41.424Z"}
{"level":"warn","message":"MongoDB disconnected","service":"chaiyetu-backend","timestamp":"2026-05-03T17:19:34.401Z"}
{"level":"warn","message":"MongoDB disconnected","service":"chaiyetu-backend","timestamp":"2026-05-03T17:20:25.668Z"}
{"level":"warn","message":"MongoDB disconnected","service":"chaiyetu-backend","timestamp":"2026-05-03T17:21:16.744Z"}
{"level":"warn","message":"MongoDB disconnected","service":"chaiyetu-backend","timestamp":"2026-05-03T17:22:07.887Z"}
{"level":"warn","message":"MongoDB disconnected","service":"chaiyetu-backend","timestamp":"2026-05-03T17:22:58.959Z"}
{"level":"warn","message":"MongoDB disconnected","service":"chaiyetu-backend","timestamp":"2026-05-03T17:23:50.967Z"}
{"level":"warn","message":"MongoDB disconnected","service":"chaiyetu-backend","timestamp":"2026-05-03T17:24:42.050Z"}
{"level":"warn","message":"MongoDB disconnected","service":"chaiyetu-backend","timestamp":"2026-05-03T17:25:33.207Z"}
{"level":"warn","message":"MongoDB disconnected","service":"chaiyetu-backend","timestamp":"2026-05-03T17:26:24.271Z"}
{"level":"warn","message":"MongoDB disconnected","service":"chaiyetu-backend","timestamp":"2026-05-03T17:27:15.445Z"}
{"level":"warn","message":"MongoDB disconnected","service":"chaiyetu-backend","timestamp":"2026-05-03T17:28:06.504Z"}
{"level":"warn","message":"MongoDB disconnected","service":"chaiyetu-backend","timestamp":"2026-05-03T17:28:57.654Z"}
{"level":"warn","message":"MongoDB disconnected","service":"chaiyetu-backend","timestamp":"2026-05-03T17:29:49.712Z"}
{"level":"warn","message":"MongoDB disconnected","service":"chaiyetu-backend","timestamp":"2026-05-03T17:30:41.036Z"}
{"level":"warn","message":"MongoDB disconnected","service":"chaiyetu-backend","timestamp":"2026-05-03T17:31:32.090Z"}
{"level":"warn","message":"MongoDB disconnected","service":"chaiyetu-backend","timestamp":"2026-05-03T17:32:23.239Z"}
{"level":"warn","message":"MongoDB disconnected","service":"chaiyetu-backend","timestamp":"2026-05-03T17:33:14.289Z"}
{"level":"warn","message":"MongoDB disconnected","service":"chaiyetu-backend","timestamp":"2026-05-03T17:34:06.900Z"}
{"level":"warn","message":"MongoDB disconnected","service":"chaiyetu-backend","timestamp":"2026-05-03T17:34:58.108Z"}
{"level":"warn","message":"MongoDB disconnected","service":"chaiyetu-backend","timestamp":"2026-05-03T17:35:49.263Z"}
{"level":"warn","message":"MongoDB disconnected","service":"chaiyetu-backend","timestamp":"2026-05-03T17:36:40.325Z"}
{"level":"warn","message":"MongoDB disconnected","service":"chaiyetu-backend","timestamp":"2026-05-03T17:37:31.563Z"}
{"level":"warn","message":"MongoDB disconnected","service":"chaiyetu-backend","timestamp":"2026-05-03T17:38:22.812Z"}
{"level":"warn","message":"MongoDB disconnected","service":"chaiyetu-backend","timestamp":"2026-05-03T17:39:13.987Z"}
{"level":"warn","message":"MongoDB disconnected","service":"chaiyetu-backend","timestamp":"2026-05-03T17:40:05.089Z"}
{"level":"warn","message":"MongoDB disconnected","service":"chaiyetu-backend","timestamp":"2026-05-03T17:40:56.373Z"}
{"level":"warn","message":"MongoDB disconnected","service":"chaiyetu-backend","timestamp":"2026-05-03T17:41:47.443Z"}
{"level":"info","message":"Received SIGINT, shutting down gracefully","service":"chaiyetu-backend","timestamp":"2026-05-03T17:42:11.247Z"}
